2026-07-29 11:58:52,334 | INFO | Período validado: 202606  (año=2026, mes=6)
2026-07-29 11:58:52,338 | INFO | Registros en archivo fuente: 4,345
2026-07-29 11:58:52,340 | INFO | Actualizando tabla 'transporte' (mes actual)...
2026-07-29 11:59:42,732 | INFO | [Azure] transporte actualizada (TRUNCATE+append)  (4,345 registros)
2026-07-29 11:59:43,819 | INFO | [Local] transporte actualizada (TRUNCATE+append)  (4,345 registros)
2026-07-29 11:59:43,824 | INFO | ✅ Tabla 'transporte' actualizada con 4,345 registros
2026-07-29 11:59:43,917 | INFO | ======================================================================
2026-07-29 11:59:43,921 | INFO | PASO 1: Obtener estructura de tabla SQL
2026-07-29 11:59:43,923 | INFO | ======================================================================
2026-07-29 11:59:44,777 | WARNING | Columnas solo en Azure (no en Local): ['Id_DAB']
2026-07-29 11:59:45,102 | INFO | ✓ Columna [activo] verificada en ambas bases
2026-07-29 11:59:45,112 | INFO | Columnas renombradas para coincidir con SQL: {'StandRe LoB': 'STANDRE LOB', 'StandRe detailed LoB': 'STANDRE DETAILED LOB', 'LoB-Inward': 'LOB-INWARD', 'Cumulative SALVAGE': 'CUMULATIVE SALVAGE', 'Cumulative EXPENSES PAID': 'CUMULATIVE EXPENSES PAID', 'Cumulative VALUATION EXPENSES': 'CUMULATIVE VALUATION EXPENSES', 'Cumulative CLAIMS PAID': 'CUMULATIVE CLAIMS PAID', 'Total Claims Paid Inward': 'TOTAL CLAIMS PAID INWARD', 'Total Claims Paid no Alae': 'TOTAL CLAIMS PAID NO ALAE', 'OSLR Inward': 'OSLR INWARD', 'Inward Incurred': 'INWARD INCURRED', 'Inward Incurred no Alae': 'INWARD INCURRED NO ALAE', 'UW Year': 'UW YEAR', 'Nat Cat': 'NAT CAT'}
2026-07-29 11:59:45,115 | INFO | ✓ Columnas válidas (intersección Excel∩SQL): 40
2026-07-29 11:59:45,118 | WARNING | Columnas solo en SQL (quedarán NULL en el insert): ['FLAG CONTA', 'Id_DAB']
2026-07-29 11:59:45,120 | INFO | ======================================================================
2026-07-29 11:59:45,121 | INFO | PASO 2: Preparar datos del Excel
2026-07-29 11:59:45,123 | INFO | ======================================================================
2026-07-29 11:59:45,146 | INFO | ✓ 4,345 registros preparados con activo = 1
2026-07-29 11:59:45,148 | INFO | ======================================================================
2026-07-29 11:59:45,150 | INFO | PASO 3: Cargar datos a tabla temporal
2026-07-29 11:59:45,153 | INFO | ======================================================================
2026-07-29 11:59:46,209 | INFO | [Local] Tabla temporal creada con replace (4,345 registros)
2026-07-29 12:00:34,295 | INFO | [Azure] Tabla temporal creada con replace (4,345 registros)
2026-07-29 12:00:34,504 | WARNING | Mismatches de tipo detectados:
             COLUMN_NAME tipo_hist tipo_temp
           ACCIDENT YEAR       int    bigint
                  activo       int    bigint
            DATE OF LOSS      date  datetime
          DATE OF REPORT      date  datetime
               MES CARGA      date  datetime
  POLICY PERIOD END DATE      date  datetime
POLICY PERIOD START DATE      date  datetime
                 UW YEAR       int    bigint
     YEAR OF THE RESERVE       int    bigint
2026-07-29 12:00:34,516 | INFO | ======================================================================
2026-07-29 12:00:34,518 | INFO | PASO 4: Carga atómica en transportehist
2026-07-29 12:00:34,521 | INFO | ======================================================================
2026-07-29 12:00:34,629 | INFO | [Local] Desactivados: 4,318 registros → activo=0
2026-07-29 12:00:34,726 | INFO | [Local] Insertados: 4,345 registros → activo=1
2026-07-29 12:00:34,806 | INFO | [Local] ✅ Transacción OK — antes=17,106  deleted=0  inserted=4,345  esperado_despues=21,451
2026-07-29 12:00:39,229 | INFO | [Azure] Desactivados: 4,318 registros → activo=0
2026-07-29 12:00:48,151 | INFO | [Azure] Insertados: 4,345 registros → activo=1
2026-07-29 12:00:49,215 | INFO | [Azure] ✅ Transacción OK — antes=17,106  deleted=0  inserted=4,345  esperado_despues=21,451
2026-07-29 12:00:49,552 | INFO | ======================================================================
2026-07-29 12:00:49,554 | INFO | RESUMEN FINAL
2026-07-29 12:00:49,556 | INFO | ======================================================================
2026-07-29 12:00:50,945 | INFO | transportehist Azure — distribución por activo:
2026-07-29 12:00:50,948 | INFO |    activo=1  →  4,345 registros  (MES ACTIVO (202606))
2026-07-29 12:00:50,950 | INFO |    activo=0  →  17,106 registros  (Histórico)
2026-07-29 12:00:50,964 | INFO | 🧹 Tabla temporal eliminada en Local
2026-07-29 12:00:53,076 | INFO | 🧹 Tabla temporal eliminada en Azure
2026-07-29 12:00:53,079 | INFO | ======================================================================
